2019-03-09 00:39:13,525 - ebookconvert.queue_monitor - ERROR - volume转换失败
2019-03-09 00:39:13,528 - ebookconvert.queue_monitor - ERROR - 14 愚かな天使は魔と踊る -  第 01 卷
2019-03-09 00:39:13,528 - ebookconvert.queue_monitor - ERROR - Failed to extract archive.
2019-03-09 00:39:14,551 - ebookconvert.queue_monitor - ERROR - volume转换失败
2019-03-09 00:39:14,552 - ebookconvert.queue_monitor - ERROR - 15 愚かな天使は魔と踊る -  第 02 卷
2019-03-09 00:39:14,552 - ebookconvert.queue_monitor - ERROR - Failed to extract archive.
2019-03-09 00:39:15,365 - ebookconvert.queue_monitor - ERROR - volume转换失败
2019-03-09 00:39:15,365 - ebookconvert.queue_monitor - ERROR - 16 愚かな天使は魔と踊る -  第 03 卷
2019-03-09 00:39:15,366 - ebookconvert.queue_monitor - ERROR - Failed to extract archive.
2019-03-09 00:41:19,767 - ebookconvert.queue_monitor - ERROR - volume转换失败
2019-03-09 00:41:19,769 - ebookconvert.queue_monitor - ERROR - 14 愚かな天使は魔と踊る -  第 01 卷
2019-03-09 00:41:19,769 - ebookconvert.queue_monitor - ERROR - Failed to extract archive.
Traceback (most recent call last):
  File "E:\Project\KindleComicPusher\ebookconvert\kcc\kindlecomicconverter\comic2ebook.py", line 609, in getWorkFolder
    path = cbx.extract(workdir)
  File "E:\Project\KindleComicPusher\ebookconvert\kcc\kindlecomicconverter\cbxarchive.py", line 87, in extract
    move(os.path.join(targetdir, adir[0], f), targetdir)
  File "E:\Programs\Anaconda\envs\django\lib\shutil.py", line 542, in move
    raise Error("Destination path '%s' already exists" % real_dst)
shutil.Error: Destination path 'E:\SystemTemp\KCC-z81u0tca\Orokana Tenshi Akuma to Odoru v01' already exists

During handling of the above exception, another exception occurred:

Traceback (most recent call last):
  File "E:\Project\KindleComicPusher\ebookconvert\queue_monitor.py", line 60, in run
    res = self.start_convert(task)
  File "E:\Project\KindleComicPusher\ebookconvert\queue_monitor.py", line 114, in start_convert
    new_ebook_path = self.use_kcc_to_convert(task, arg,cache_path=cache_path)
  File "E:\Project\KindleComicPusher\ebookconvert\queue_monitor.py", line 237, in use_kcc_to_convert
    new_ebook_paths = comic2ebook.main(kcc_arg)
  File "E:\Project\KindleComicPusher\ebookconvert\kcc\kindlecomicconverter\comic2ebook.py", line 81, in main
    file_path = makeBook(source)
  File "E:\Project\KindleComicPusher\ebookconvert\kcc\kindlecomicconverter\comic2ebook.py", line 1118, in makeBook
    path = getWorkFolder(source)
  File "E:\Project\KindleComicPusher\ebookconvert\kcc\kindlecomicconverter\comic2ebook.py", line 612, in getWorkFolder
    raise UserWarning("Failed to extract archive.")
UserWarning: Failed to extract archive.
2019-03-09 00:41:20,805 - ebookconvert.queue_monitor - ERROR - volume转换失败
2019-03-09 00:41:20,806 - ebookconvert.queue_monitor - ERROR - 15 愚かな天使は魔と踊る -  第 02 卷
2019-03-09 00:41:20,806 - ebookconvert.queue_monitor - ERROR - Failed to extract archive.
Traceback (most recent call last):
  File "E:\Project\KindleComicPusher\ebookconvert\kcc\kindlecomicconverter\comic2ebook.py", line 609, in getWorkFolder
    path = cbx.extract(workdir)
  File "E:\Project\KindleComicPusher\ebookconvert\kcc\kindlecomicconverter\cbxarchive.py", line 87, in extract
    move(os.path.join(targetdir, adir[0], f), targetdir)
  File "E:\Programs\Anaconda\envs\django\lib\shutil.py", line 542, in move
    raise Error("Destination path '%s' already exists" % real_dst)
shutil.Error: Destination path 'E:\SystemTemp\KCC-jh6e00te\Orokana Tenshi Akuma to Odoru v02' already exists

During handling of the above exception, another exception occurred:

Traceback (most recent call last):
  File "E:\Project\KindleComicPusher\ebookconvert\queue_monitor.py", line 60, in run
    res = self.start_convert(task)
  File "E:\Project\KindleComicPusher\ebookconvert\queue_monitor.py", line 114, in start_convert
    new_ebook_path = self.use_kcc_to_convert(task, arg,cache_path=cache_path)
  File "E:\Project\KindleComicPusher\ebookconvert\queue_monitor.py", line 237, in use_kcc_to_convert
    new_ebook_paths = comic2ebook.main(kcc_arg)
  File "E:\Project\KindleComicPusher\ebookconvert\kcc\kindlecomicconverter\comic2ebook.py", line 81, in main
    file_path = makeBook(source)
  File "E:\Project\KindleComicPusher\ebookconvert\kcc\kindlecomicconverter\comic2ebook.py", line 1118, in makeBook
    path = getWorkFolder(source)
  File "E:\Project\KindleComicPusher\ebookconvert\kcc\kindlecomicconverter\comic2ebook.py", line 612, in getWorkFolder
    raise UserWarning("Failed to extract archive.")
UserWarning: Failed to extract archive.
2019-03-09 00:41:21,531 - ebookconvert.queue_monitor - ERROR - volume转换失败
2019-03-09 00:41:21,532 - ebookconvert.queue_monitor - ERROR - 16 愚かな天使は魔と踊る -  第 03 卷
2019-03-09 00:41:21,532 - ebookconvert.queue_monitor - ERROR - Failed to extract archive.
Traceback (most recent call last):
  File "E:\Project\KindleComicPusher\ebookconvert\kcc\kindlecomicconverter\comic2ebook.py", line 609, in getWorkFolder
    path = cbx.extract(workdir)
  File "E:\Project\KindleComicPusher\ebookconvert\kcc\kindlecomicconverter\cbxarchive.py", line 87, in extract
    move(os.path.join(targetdir, adir[0], f), targetdir)
  File "E:\Programs\Anaconda\envs\django\lib\shutil.py", line 542, in move
    raise Error("Destination path '%s' already exists" % real_dst)
shutil.Error: Destination path 'E:\SystemTemp\KCC-qz4bf9iz\Orokana Tenshi Akuma to Odoru v03' already exists

During handling of the above exception, another exception occurred:

Traceback (most recent call last):
  File "E:\Project\KindleComicPusher\ebookconvert\queue_monitor.py", line 60, in run
    res = self.start_convert(task)
  File "E:\Project\KindleComicPusher\ebookconvert\queue_monitor.py", line 114, in start_convert
    new_ebook_path = self.use_kcc_to_convert(task, arg,cache_path=cache_path)
  File "E:\Project\KindleComicPusher\ebookconvert\queue_monitor.py", line 237, in use_kcc_to_convert
    new_ebook_paths = comic2ebook.main(kcc_arg)
  File "E:\Project\KindleComicPusher\ebookconvert\kcc\kindlecomicconverter\comic2ebook.py", line 81, in main
    file_path = makeBook(source)
  File "E:\Project\KindleComicPusher\ebookconvert\kcc\kindlecomicconverter\comic2ebook.py", line 1118, in makeBook
    path = getWorkFolder(source)
  File "E:\Project\KindleComicPusher\ebookconvert\kcc\kindlecomicconverter\comic2ebook.py", line 612, in getWorkFolder
    raise UserWarning("Failed to extract archive.")
UserWarning: Failed to extract archive.
2019-03-09 01:20:36,539 - ebookconvert.queue_monitor - ERROR - volume转换失败
2019-03-09 01:20:36,541 - ebookconvert.queue_monitor - ERROR - 27 愚かな天使は魔と踊る -  第 02 卷
2019-03-09 01:20:36,541 - ebookconvert.queue_monitor - ERROR - Failed to extract archive.
Traceback (most recent call last):
  File "E:\Project\KindleComicPusher\ebookconvert\kcc\kindlecomicconverter\comic2ebook.py", line 609, in getWorkFolder
    path = cbx.extract(workdir)
  File "E:\Project\KindleComicPusher\ebookconvert\kcc\kindlecomicconverter\cbxarchive.py", line 87, in extract
    move(os.path.join(targetdir, adir[0], f), targetdir)
  File "E:\Programs\Anaconda\envs\django\lib\shutil.py", line 542, in move
    raise Error("Destination path '%s' already exists" % real_dst)
shutil.Error: Destination path 'E:\SystemTemp\KCC-aamqlto9\Orokana Tenshi Akuma to Odoru v02' already exists

During handling of the above exception, another exception occurred:

Traceback (most recent call last):
  File "E:\Project\KindleComicPusher\ebookconvert\queue_monitor.py", line 60, in run
    res = self.start_convert(task)
  File "E:\Project\KindleComicPusher\ebookconvert\queue_monitor.py", line 114, in start_convert
    new_ebook_path = self.use_kcc_to_convert(task, arg,cache_path=cache_path)
  File "E:\Project\KindleComicPusher\ebookconvert\queue_monitor.py", line 237, in use_kcc_to_convert
    new_ebook_paths = comic2ebook.main(kcc_arg)
  File "E:\Project\KindleComicPusher\ebookconvert\kcc\kindlecomicconverter\comic2ebook.py", line 81, in main
    file_path = makeBook(source)
  File "E:\Project\KindleComicPusher\ebookconvert\kcc\kindlecomicconverter\comic2ebook.py", line 1118, in makeBook
    path = getWorkFolder(source)
  File "E:\Project\KindleComicPusher\ebookconvert\kcc\kindlecomicconverter\comic2ebook.py", line 612, in getWorkFolder
    raise UserWarning("Failed to extract archive.")
UserWarning: Failed to extract archive.
2019-03-09 01:20:38,891 - ebookconvert.queue_monitor - ERROR - volume转换失败
2019-03-09 01:20:38,891 - ebookconvert.queue_monitor - ERROR - 28 愚かな天使は魔と踊る -  第 03 卷
2019-03-09 01:20:38,892 - ebookconvert.queue_monitor - ERROR - Failed to extract archive.
Traceback (most recent call last):
  File "E:\Project\KindleComicPusher\ebookconvert\kcc\kindlecomicconverter\comic2ebook.py", line 609, in getWorkFolder
    path = cbx.extract(workdir)
  File "E:\Project\KindleComicPusher\ebookconvert\kcc\kindlecomicconverter\cbxarchive.py", line 87, in extract
    move(os.path.join(targetdir, adir[0], f), targetdir)
  File "E:\Programs\Anaconda\envs\django\lib\shutil.py", line 542, in move
    raise Error("Destination path '%s' already exists" % real_dst)
shutil.Error: Destination path 'E:\SystemTemp\KCC-rz2yj3go\Orokana Tenshi Akuma to Odoru v03' already exists

During handling of the above exception, another exception occurred:

Traceback (most recent call last):
  File "E:\Project\KindleComicPusher\ebookconvert\queue_monitor.py", line 60, in run
    res = self.start_convert(task)
  File "E:\Project\KindleComicPusher\ebookconvert\queue_monitor.py", line 114, in start_convert
    new_ebook_path = self.use_kcc_to_convert(task, arg,cache_path=cache_path)
  File "E:\Project\KindleComicPusher\ebookconvert\queue_monitor.py", line 237, in use_kcc_to_convert
    new_ebook_paths = comic2ebook.main(kcc_arg)
  File "E:\Project\KindleComicPusher\ebookconvert\kcc\kindlecomicconverter\comic2ebook.py", line 81, in main
    file_path = makeBook(source)
  File "E:\Project\KindleComicPusher\ebookconvert\kcc\kindlecomicconverter\comic2ebook.py", line 1118, in makeBook
    path = getWorkFolder(source)
  File "E:\Project\KindleComicPusher\ebookconvert\kcc\kindlecomicconverter\comic2ebook.py", line 612, in getWorkFolder
    raise UserWarning("Failed to extract archive.")
UserWarning: Failed to extract archive.
2019-03-09 01:22:26,879 - ebookconvert.queue_monitor - ERROR - volume转换失败
2019-03-09 01:22:26,880 - ebookconvert.queue_monitor - ERROR - 30 愚かな天使は魔と踊る -  第 05 卷
2019-03-09 01:22:26,882 - ebookconvert.queue_monitor - ERROR - Failed to extract archive.
Traceback (most recent call last):
  File "E:\Project\KindleComicPusher\ebookconvert\kcc\kindlecomicconverter\comic2ebook.py", line 609, in getWorkFolder
    path = cbx.extract(workdir)
  File "E:\Project\KindleComicPusher\ebookconvert\kcc\kindlecomicconverter\cbxarchive.py", line 87, in extract
    move(os.path.join(targetdir, adir[0], f), targetdir)
  File "E:\Programs\Anaconda\envs\django\lib\shutil.py", line 542, in move
    raise Error("Destination path '%s' already exists" % real_dst)
shutil.Error: Destination path 'E:\SystemTemp\KCC-hi9xqonx\Orokana Tenshi Akuma to Odoru v05' already exists

During handling of the above exception, another exception occurred:

Traceback (most recent call last):
  File "E:\Project\KindleComicPusher\ebookconvert\queue_monitor.py", line 60, in run
    res = self.start_convert(task)
  File "E:\Project\KindleComicPusher\ebookconvert\queue_monitor.py", line 114, in start_convert
    new_ebook_path = self.use_kcc_to_convert(task, arg,cache_path=cache_path)
  File "E:\Project\KindleComicPusher\ebookconvert\queue_monitor.py", line 237, in use_kcc_to_convert
    new_ebook_paths = comic2ebook.main(kcc_arg)
  File "E:\Project\KindleComicPusher\ebookconvert\kcc\kindlecomicconverter\comic2ebook.py", line 81, in main
    file_path = makeBook(source)
  File "E:\Project\KindleComicPusher\ebookconvert\kcc\kindlecomicconverter\comic2ebook.py", line 1118, in makeBook
    path = getWorkFolder(source)
  File "E:\Project\KindleComicPusher\ebookconvert\kcc\kindlecomicconverter\comic2ebook.py", line 612, in getWorkFolder
    raise UserWarning("Failed to extract archive.")
UserWarning: Failed to extract archive.
2019-03-09 01:26:35,553 - ebookconvert.queue_monitor - ERROR - volume转换失败
2019-03-09 01:26:35,553 - ebookconvert.queue_monitor - ERROR - 26 愚かな天使は魔と踊る -  第 01 卷
2019-03-09 01:26:35,553 - ebookconvert.queue_monitor - ERROR - get() returned more than one EbookConvertQueue -- it returned 2!
Traceback (most recent call last):
  File "E:\Project\KindleComicPusher\ebookconvert\queue_monitor.py", line 60, in run
    res = self.start_convert(task)
  File "E:\Project\KindleComicPusher\ebookconvert\queue_monitor.py", line 114, in start_convert
    new_ebook_path = self.use_kcc_to_convert(task, arg,cache_path=cache_path)
  File "E:\Project\KindleComicPusher\ebookconvert\queue_monitor.py", line 243, in use_kcc_to_convert
    task.volume.epub_file.save(new_ebook_name,File(open(new_ebook_path,'rb')))
  File "E:\Programs\Anaconda\envs\django\lib\site-packages\django\db\models\fields\files.py", line 93, in save
    self.instance.save()
  File "E:\Project\KindleComicPusher\mainsite\models.py", line 284, in save
    super().save()
  File "E:\Programs\Anaconda\envs\django\lib\site-packages\django\db\models\base.py", line 718, in save
    force_update=force_update, update_fields=update_fields)
  File "E:\Programs\Anaconda\envs\django\lib\site-packages\django\db\models\base.py", line 758, in save_base
    update_fields=update_fields, raw=raw, using=using,
  File "E:\Programs\Anaconda\envs\django\lib\site-packages\django\dispatch\dispatcher.py", line 175, in send
    for receiver in self._live_receivers(sender)
  File "E:\Programs\Anaconda\envs\django\lib\site-packages\django\dispatch\dispatcher.py", line 175, in <listcomp>
    for receiver in self._live_receivers(sender)
  File "E:\Project\KindleComicPusher\mainsite\models.py", line 302, in volume_after_save
    e_queue = EbookConvertQueue.objects.get(volume=instance)
  File "E:\Programs\Anaconda\envs\django\lib\site-packages\django\db\models\manager.py", line 82, in manager_method
    return getattr(self.get_queryset(), name)(*args, **kwargs)
  File "E:\Programs\Anaconda\envs\django\lib\site-packages\django\db\models\query.py", line 403, in get
    (self.model._meta.object_name, num)
mainsite.models.EbookConvertQueue.MultipleObjectsReturned: get() returned more than one EbookConvertQueue -- it returned 2!
2019-03-09 04:53:03,608 - ebookconvert.queue_monitor - ERROR - volume转换失败
2019-03-09 04:53:03,613 - ebookconvert.queue_monitor - ERROR - float division by zero
Traceback (most recent call last):
  File "E:\Project\KindleComicPusher\ebookconvert\queue_monitor.py", line 60, in run
    res = self.start_convert(task)
  File "E:\Project\KindleComicPusher\ebookconvert\queue_monitor.py", line 190, in start_convert
    slimmed_epub_path = self.slimming_epub(tmp_epub_path)
  File "E:\Project\KindleComicPusher\ebookconvert\queue_monitor.py", line 267, in slimming_epub
    self.image_slimming(images, image_dir_path, average_size_per_image)
  File "E:\Project\KindleComicPusher\ebookconvert\queue_monitor.py", line 282, in image_slimming
    new_average_size_per_heavy_image = (MAX_PUSH_MOBI_SIZE*1024.0*1024.0-ok_image_total_size) / (total_image_count-ok_image_count)
ZeroDivisionError: float division by zero
2019-03-09 05:11:26,500 - ebookconvert.queue_monitor - ERROR - volume转换失败
2019-03-09 05:11:26,504 - ebookconvert.queue_monitor - ERROR - [WinError 2] 系统找不到指定的文件。: 'cover.jpg'
Traceback (most recent call last):
  File "E:\Project\KindleComicPusher\ebookconvert\queue_monitor.py", line 60, in run
    res = self.start_convert(task)
  File "E:\Project\KindleComicPusher\ebookconvert\queue_monitor.py", line 190, in start_convert
    slimmed_epub_path = self.slimming_epub(tmp_epub_path)
  File "E:\Project\KindleComicPusher\ebookconvert\queue_monitor.py", line 262, in slimming_epub
    f_size = os.path.getsize(full_file_path)
  File "E:\Programs\Anaconda\envs\django\lib\genericpath.py", line 50, in getsize
    return os.stat(filename).st_size
FileNotFoundError: [WinError 2] 系统找不到指定的文件。: 'cover.jpg'
2019-03-09 05:13:25,585 - ebookconvert.queue_monitor - ERROR - volume转换失败
2019-03-09 05:13:25,587 - ebookconvert.queue_monitor - ERROR - ("One of workers crashed. Cause: [Errno 2] No such file or directory: 'E:\\\\SystemTemp\\\\KCC-s2g6806i\\\\OEBPS\\\\Images\\\\4_files\\\\99923cf141db1aea1289aa83d1de5725-115.jpg'", '  File "E:\\Project\\KindleComicPusher\\ebookconvert\\kcc\\kindlecomicconverter\\comic2ebook.py", line 570, in imgFileProcessing\n    workImg = image.ComicPageParser((dirpath, afile), opt)\n  File "E:\\Project\\KindleComicPusher\\ebookconvert\\kcc\\kindlecomicconverter\\image.py", line 108, in __init__\n    self.image = Image.open(os.path.join(source[0], source[1])).convert(\'RGB\')\n  File "E:\\Programs\\Anaconda\\envs\\django\\lib\\site-packages\\PIL\\Image.py", line 2634, in open\n    fp = builtins.open(filename, "rb")\n')
Traceback (most recent call last):
  File "E:\Project\KindleComicPusher\ebookconvert\queue_monitor.py", line 60, in run
    res = self.start_convert(task)
  File "E:\Project\KindleComicPusher\ebookconvert\queue_monitor.py", line 114, in start_convert
    new_ebook_path = self.use_kcc_to_convert(task, arg,cache_path=cache_path)
  File "E:\Project\KindleComicPusher\ebookconvert\queue_monitor.py", line 239, in use_kcc_to_convert
    new_ebook_paths = comic2ebook.main(author_string,book_title,kcc_arg)
  File "E:\Project\KindleComicPusher\ebookconvert\kcc\kindlecomicconverter\comic2ebook.py", line 87, in main
    file_path = makeBook(source)
  File "E:\Project\KindleComicPusher\ebookconvert\kcc\kindlecomicconverter\comic2ebook.py", line 1141, in makeBook
    imgDirectoryProcessing(os.path.join(path, "OEBPS", "Images"))
  File "E:\Project\KindleComicPusher\ebookconvert\kcc\kindlecomicconverter\comic2ebook.py", line 540, in imgDirectoryProcessing
    raise RuntimeError("One of workers crashed. Cause: " + workerOutput[0][0], workerOutput[0][1])
RuntimeError: ("One of workers crashed. Cause: [Errno 2] No such file or directory: 'E:\\\\SystemTemp\\\\KCC-s2g6806i\\\\OEBPS\\\\Images\\\\4_files\\\\99923cf141db1aea1289aa83d1de5725-115.jpg'", '  File "E:\\Project\\KindleComicPusher\\ebookconvert\\kcc\\kindlecomicconverter\\comic2ebook.py", line 570, in imgFileProcessing\n    workImg = image.ComicPageParser((dirpath, afile), opt)\n  File "E:\\Project\\KindleComicPusher\\ebookconvert\\kcc\\kindlecomicconverter\\image.py", line 108, in __init__\n    self.image = Image.open(os.path.join(source[0], source[1])).convert(\'RGB\')\n  File "E:\\Programs\\Anaconda\\envs\\django\\lib\\site-packages\\PIL\\Image.py", line 2634, in open\n    fp = builtins.open(filename, "rb")\n')
2019-03-09 05:13:54,835 - ebookconvert.queue_monitor - ERROR - volume转换失败
2019-03-09 05:13:54,850 - ebookconvert.queue_monitor - ERROR - get() returned more than one EbookConvertQueue -- it returned 2!
Traceback (most recent call last):
  File "E:\Project\KindleComicPusher\ebookconvert\queue_monitor.py", line 60, in run
    res = self.start_convert(task)
  File "E:\Project\KindleComicPusher\ebookconvert\queue_monitor.py", line 114, in start_convert
    new_ebook_path = self.use_kcc_to_convert(task, arg,cache_path=cache_path)
  File "E:\Project\KindleComicPusher\ebookconvert\queue_monitor.py", line 246, in use_kcc_to_convert
    task.volume.save()
  File "E:\Project\KindleComicPusher\mainsite\models.py", line 295, in save
    super().save()
  File "E:\Programs\Anaconda\envs\django\lib\site-packages\django\db\models\base.py", line 718, in save
    force_update=force_update, update_fields=update_fields)
  File "E:\Programs\Anaconda\envs\django\lib\site-packages\django\db\models\base.py", line 758, in save_base
    update_fields=update_fields, raw=raw, using=using,
  File "E:\Programs\Anaconda\envs\django\lib\site-packages\django\dispatch\dispatcher.py", line 175, in send
    for receiver in self._live_receivers(sender)
  File "E:\Programs\Anaconda\envs\django\lib\site-packages\django\dispatch\dispatcher.py", line 175, in <listcomp>
    for receiver in self._live_receivers(sender)
  File "E:\Project\KindleComicPusher\mainsite\models.py", line 313, in volume_after_save
    e_queue = EbookConvertQueue.objects.get(volume=instance)
  File "E:\Programs\Anaconda\envs\django\lib\site-packages\django\db\models\manager.py", line 82, in manager_method
    return getattr(self.get_queryset(), name)(*args, **kwargs)
  File "E:\Programs\Anaconda\envs\django\lib\site-packages\django\db\models\query.py", line 403, in get
    (self.model._meta.object_name, num)
mainsite.models.EbookConvertQueue.MultipleObjectsReturned: get() returned more than one EbookConvertQueue -- it returned 2!
2019-03-09 05:14:52,581 - ebookconvert.queue_monitor - ERROR - volume转换失败
2019-03-09 05:14:52,589 - ebookconvert.queue_monitor - ERROR - get() returned more than one EbookConvertQueue -- it returned 2!
Traceback (most recent call last):
  File "E:\Project\KindleComicPusher\ebookconvert\queue_monitor.py", line 60, in run
    res = self.start_convert(task)
  File "E:\Project\KindleComicPusher\ebookconvert\queue_monitor.py", line 153, in start_convert
    task.volume.mobi_file.save(new_mobi_name, File(open(new_mobi_path, 'rb')))
  File "E:\Programs\Anaconda\envs\django\lib\site-packages\django\db\models\fields\files.py", line 93, in save
    self.instance.save()
  File "E:\Project\KindleComicPusher\mainsite\models.py", line 295, in save
    super().save()
  File "E:\Programs\Anaconda\envs\django\lib\site-packages\django\db\models\base.py", line 718, in save
    force_update=force_update, update_fields=update_fields)
  File "E:\Programs\Anaconda\envs\django\lib\site-packages\django\db\models\base.py", line 758, in save_base
    update_fields=update_fields, raw=raw, using=using,
  File "E:\Programs\Anaconda\envs\django\lib\site-packages\django\dispatch\dispatcher.py", line 175, in send
    for receiver in self._live_receivers(sender)
  File "E:\Programs\Anaconda\envs\django\lib\site-packages\django\dispatch\dispatcher.py", line 175, in <listcomp>
    for receiver in self._live_receivers(sender)
  File "E:\Project\KindleComicPusher\mainsite\models.py", line 313, in volume_after_save
    e_queue = EbookConvertQueue.objects.get(volume=instance)
  File "E:\Programs\Anaconda\envs\django\lib\site-packages\django\db\models\manager.py", line 82, in manager_method
    return getattr(self.get_queryset(), name)(*args, **kwargs)
  File "E:\Programs\Anaconda\envs\django\lib\site-packages\django\db\models\query.py", line 403, in get
    (self.model._meta.object_name, num)
mainsite.models.EbookConvertQueue.MultipleObjectsReturned: get() returned more than one EbookConvertQueue -- it returned 2!
2019-03-09 05:19:42,375 - ebookconvert.queue_monitor - ERROR - volume转换失败
2019-03-09 05:19:42,387 - ebookconvert.queue_monitor - ERROR - [WinError 2] 系统找不到指定的文件。: 'cover.jpg'
Traceback (most recent call last):
  File "E:\Project\KindleComicPusher\ebookconvert\queue_monitor.py", line 60, in run
    res = self.start_convert(task)
  File "E:\Project\KindleComicPusher\ebookconvert\queue_monitor.py", line 190, in start_convert
    slimmed_epub_path = self.slimming_epub(tmp_epub_path)
  File "E:\Project\KindleComicPusher\ebookconvert\queue_monitor.py", line 262, in slimming_epub
    f_size = os.path.getsize(full_file_path)
  File "E:\Programs\Anaconda\envs\django\lib\genericpath.py", line 50, in getsize
    return os.stat(filename).st_size
FileNotFoundError: [WinError 2] 系统找不到指定的文件。: 'cover.jpg'
2019-03-09 05:52:40,602 - ebookconvert.queue_monitor - ERROR - volume转换失败
2019-03-09 05:52:40,604 - ebookconvert.queue_monitor - ERROR - 50 じけんじゃけん！ -  第 02 卷
2019-03-09 05:52:40,604 - ebookconvert.queue_monitor - ERROR - Source directory is empty.
Traceback (most recent call last):
  File "E:\Project\KindleComicPusher\ebookconvert\queue_monitor.py", line 60, in run
    res = self.start_convert(task)
  File "E:\Project\KindleComicPusher\ebookconvert\queue_monitor.py", line 114, in start_convert
    new_ebook_path = self.use_kcc_to_convert(task, arg,cache_path=cache_path)
  File "E:\Project\KindleComicPusher\ebookconvert\queue_monitor.py", line 239, in use_kcc_to_convert
    new_ebook_paths = comic2ebook.main(author_string,book_title,kcc_arg)
  File "E:\Project\KindleComicPusher\ebookconvert\kcc\kindlecomicconverter\comic2ebook.py", line 87, in main
    file_path = makeBook(source)
  File "E:\Project\KindleComicPusher\ebookconvert\kcc\kindlecomicconverter\comic2ebook.py", line 1141, in makeBook
    imgDirectoryProcessing(os.path.join(path, "OEBPS", "Images"))
  File "E:\Project\KindleComicPusher\ebookconvert\kcc\kindlecomicconverter\comic2ebook.py", line 546, in imgDirectoryProcessing
    raise UserWarning("Source directory is empty.")
UserWarning: Source directory is empty.
